D:\Desktop\lwjglbook-master\GameTest\src\main\java\org\J3dPackage\Point3d.java
D:\Desktop\lwjglbook-master\GameTest\src\main\java\org\maths\Time.java
D:\Desktop\lwjglbook-master\GameTest\src\main\java\org\lwjglb\engine\Timer.java
D:\Desktop\lwjglbook-master\GameTest\src\main\java\org\J3DBool\Solid.java
D:\Desktop\lwjglbook-master\GameTest\src\main\java\org\maths\Math3d.java
D:\Desktop\lwjglbook-master\GameTest\src\main\java\org\J3DBool\Bound.java
D:\Desktop\lwjglbook-master\GameTest\src\main\java\org\J3DBool\Vertex.java
D:\Desktop\lwjglbook-master\GameTest\src\main\java\org\lwjglb\engine\Window.java
D:\Desktop\lwjglbook-master\GameTest\src\main\java\org\J3DBool\Face.java
D:\Desktop\lwjglbook-master\GameTest\src\main\java\org\J3DBool\Line.java
D:\Desktop\lwjglbook-master\GameTest\src\main\java\org\J3DBool\Object3D.java
D:\Desktop\lwjglbook-master\GameTest\src\main\java\org\lwjglb\engine\graph\Texture.java
D:\Desktop\lwjglbook-master\GameTest\src\main\java\org\lwjglb\game\Renderer.java
D:\Desktop\lwjglbook-master\GameTest\src\main\java\org\J3DBool\BooleanModeller.java
D:\Desktop\lwjglbook-master\GameTest\src\main\java\org\lwjglb\engine\graph\Transformation.java
D:\Desktop\lwjglbook-master\GameTest\src\main\java\org\game\World.java
D:\Desktop\lwjglbook-master\GameTest\src\main\java\org\J3DBool\Segment.java
D:\Desktop\lwjglbook-master\GameTest\src\main\java\org\lwjglb\engine\graph\ShaderProgram.java
D:\Desktop\lwjglbook-master\GameTest\src\main\java\org\J3dPackage\Line2d.java
D:\Desktop\lwjglbook-master\GameTest\src\main\java\org\lwjglb\engine\IGameLogic.java
D:\Desktop\lwjglbook-master\GameTest\src\main\java\org\lwjglb\game\DummyGame.java
D:\Desktop\lwjglbook-master\GameTest\src\main\java\org\game\Player.java
D:\Desktop\lwjglbook-master\GameTest\src\main\java\org\game\chunk.java
D:\Desktop\lwjglbook-master\GameTest\src\main\java\org\lwjglb\engine\Utils.java
D:\Desktop\lwjglbook-master\GameTest\src\main\java\org\game\Cube.java
D:\Desktop\lwjglbook-master\GameTest\src\main\java\org\J3dPackage\Point3f.java
D:\Desktop\lwjglbook-master\GameTest\src\main\java\org\lwjglb\engine\graph\Mesh.java
D:\Desktop\lwjglbook-master\GameTest\src\main\java\org\J3dPackage\Point2d.java
D:\Desktop\lwjglbook-master\GameTest\src\main\java\org\J3dPackage\Line3d.java
D:\Desktop\lwjglbook-master\GameTest\src\main\java\org\lwjglb\engine\GameEngine.java
D:\Desktop\lwjglbook-master\GameTest\src\main\java\org\lwjglb\engine\GameItem.java
D:\Desktop\lwjglbook-master\GameTest\src\main\java\org\lwjglb\engine\graph\Camera.java
D:\Desktop\lwjglbook-master\GameTest\src\main\java\org\lwjglb\game\Main.java
D:\Desktop\lwjglbook-master\GameTest\src\main\java\org\game\Options.java
D:\Desktop\lwjglbook-master\GameTest\src\main\java\org\J3dPackage\Vector3d.java
